CACI COMNET III  Release 1.3 (Build 1220)  Tue Mar 23 13:58:17 2021   PAGE     1

                                     BSK_L1                                     
   Experiment scenario 8: IAT of "Message Source @ Computer group" = 0.00286    

                           LINKS: CHANNEL UTILIZATION                           

                     REPLICATION 1 FROM 0.0 TO 2.0 SECONDS                      

                             FRAMES           TRANSMISSION DELAY (MS)       %
LINK                   DELIVERED RST/ERR  AVERAGE    STD DEV    MAXIMUM   UTIL
_____________________  _________ ______  _________  _________  _________  _____

CSMA/CA link                5436      0     35.128     70.337    456.678  20.34


CACI COMNET III  Release 1.3 (Build 1220)  Tue Mar 23 13:58:17 2021   PAGE     2

                                     BSK_L1                                     
   Experiment scenario 8: IAT of "Message Source @ Computer group" = 0.00286    

                             LINKS: COLLISION STATS                             

                     REPLICATION 1 FROM 0.0 TO 2.0 SECONDS                      


LINK NAME                  CSMA/CA  
                             link   
                                    

ACCESS PROTOCOL              CSMA/CA

COLLISION EPISODES              4069

COLLIDED FRAMES                 9888

NBR OF TRIES TO RESOLVE
  AVERAGE                       2.68
  STANDARD DEVIATION            1.81
  MAXIMUM                          7

NBR OF DEFERRALS                5458

DEFERRAL DELAY  (MS)
  AVERAGE                       2.22
  STANDARD DEVIATION            1.50
  MAXIMUM                      13.21

DEFERRAL QUEUE SIZE  (FRAMES)
  AVERAGE                       6.05
  STANDARD DEVIATION            4.26
  MAXIMUM                         78

MULTIPLE COLLISION EPISODES
  NBR EPISODES                  1306
  AVG PER EPISODE               3.34
  MAX PER EPISODE                  9



CACI COMNET III  Release 1.3 (Build 1220)  Tue Mar 23 13:58:17 2021   PAGE     3

                                     BSK_L1                                     
   Experiment scenario 8: IAT of "Message Source @ Computer group" = 0.00286    

                 MESSAGE + RESPONSE SOURCES: MESSAGE DELIVERED                  

                     REPLICATION 1 FROM 0.0 TO 2.0 SECONDS                      

ORIGIN / MSG SRC NAME:  MESSAGES          MESSAGE DELAY (MILLISECONDS)
  DESTINATION LIST      ASSEMBLED      AVERAGE       STD DEV       MAXIMUM
______________________  _________   ____________  ____________  ____________

Computer group / src Message Source:
  Computer group             5277        916.986       533.671      1887.889
